\BOOKMARK [0][-]{chapter.1}{\376\377\000I\000n\000t\000r\000o\000d\000u\000c\000t\000i\000o\000n}{}% 1
\BOOKMARK [1][-]{section.1.1}{\376\377\000M\000o\000t\000i\000v\000a\000t\000i\000o\000n}{chapter.1}% 2
\BOOKMARK [1][-]{section.1.2}{\376\377\000F\000r\000o\000m\000\040\000N\000o\000v\000e\000l\000\040\000V\000i\000e\000w\000\040\000S\000y\000n\000t\000h\000e\000s\000i\000s\000\040\000t\000o\000\040\000G\000e\000o\000m\000e\000t\000r\000y\000\040\000R\000e\000c\000o\000n\000s\000t\000r\000u\000c\000t\000i\000o\000n}{chapter.1}% 3
\BOOKMARK [1][-]{section.1.3}{\376\377\000O\000b\000j\000e\000c\000t\000i\000v\000e\000s\000\040\000a\000n\000d\000\040\000C\000o\000n\000t\000r\000i\000b\000u\000t\000i\000o\000n\000s}{chapter.1}% 4
\BOOKMARK [1][-]{section.1.4}{\376\377\000O\000r\000g\000a\000n\000i\000z\000a\000t\000i\000o\000n\000\040\000o\000f\000\040\000t\000h\000e\000\040\000T\000h\000e\000s\000i\000s}{chapter.1}% 5
\BOOKMARK [0][-]{chapter.2}{\376\377\000S\000t\000a\000t\000e\000\040\000o\000f\000\040\000t\000h\000e\000\040\000A\000r\000t}{}% 6
\BOOKMARK [1][-]{section.2.1}{\376\377\000M\000u\000l\000t\000i\000-\000V\000i\000e\000w\000\040\000G\000e\000o\000m\000e\000t\000r\000y}{chapter.2}% 7
\BOOKMARK [2][-]{subsection.2.1.1}{\376\377\000S\000t\000r\000u\000c\000t\000u\000r\000e\000-\000f\000r\000o\000m\000-\000M\000o\000t\000i\000o\000n}{section.2.1}% 8
\BOOKMARK [3][-]{section*.5}{\376\377\000K\000e\000y\000p\000o\000i\000n\000t\000\040\000e\000x\000t\000r\000a\000c\000t\000i\000o\000n\000\040\000\050\000S\000I\000F\000T\000\051\000.}{subsection.2.1.1}% 9
\BOOKMARK [4][-]{section*.7}{\376\377\000D\000e\000s\000c\000r\000i\000p\000t\000o\000r\000\040\000m\000a\000t\000c\000h\000i\000n\000g\000.}{section*.5}% 10
\BOOKMARK [4][-]{section*.10}{\376\377\000C\000a\000m\000e\000r\000a\000\040\000m\000o\000d\000e\000l\000\040\000a\000n\000d\000\040\000p\000r\000o\000j\000e\000c\000t\000i\000o\000n\000.}{section*.5}% 11
\BOOKMARK [4][-]{section*.11}{\376\377\000S\000f\000M\000\040\000r\000e\000c\000o\000n\000s\000t\000r\000u\000c\000t\000i\000o\000n\000\040\000a\000n\000d\000\040\000t\000h\000e\000\040\000o\000b\000s\000e\000r\000v\000a\000t\000i\000o\000n\000\040\000g\000r\000a\000p\000h\000.}{section*.5}% 12
\BOOKMARK [4][-]{section*.12}{\376\377\000E\000p\000i\000p\000o\000l\000a\000r\000\040\000g\000e\000o\000m\000e\000t\000r\000y\000.}{section*.5}% 13
\BOOKMARK [4][-]{section*.14}{\376\377\000E\000s\000s\000e\000n\000t\000i\000a\000l\000\040\000m\000a\000t\000r\000i\000x\000\040\000\050\000c\000a\000l\000i\000b\000r\000a\000t\000e\000d\000\040\000t\000w\000o\000-\000v\000i\000e\000w\000\040\000g\000e\000o\000m\000e\000t\000r\000y\000\051\000.}{section*.5}% 14
\BOOKMARK [4][-]{section*.15}{\376\377\000F\000u\000n\000d\000a\000m\000e\000n\000t\000a\000l\000\040\000m\000a\000t\000r\000i\000x\000\040\000e\000s\000t\000i\000m\000a\000t\000i\000o\000n\000.}{section*.5}% 15
\BOOKMARK [2][-]{subsection.2.1.2}{\376\377\000C\000a\000m\000e\000r\000a\000\040\000P\000o\000s\000e\000\040\000E\000s\000t\000i\000m\000a\000t\000i\000o\000n}{section.2.1}% 16
\BOOKMARK [3][-]{section*.16}{\376\377\000P\000n\000P\000\040\000a\000l\000g\000o\000r\000i\000t\000h\000m\000s\000.}{subsection.2.1.2}% 17
\BOOKMARK [2][-]{subsection.2.1.3}{\376\377\000S\000p\000a\000r\000s\000e\000\040\0003\000D\000\040\000R\000e\000c\000o\000n\000s\000t\000r\000u\000c\000t\000i\000o\000n}{section.2.1}% 18
\BOOKMARK [3][-]{section*.17}{\376\377\000T\000r\000i\000a\000n\000g\000u\000l\000a\000t\000i\000o\000n\000\040\000o\000b\000j\000e\000c\000t\000i\000v\000e\000.}{subsection.2.1.3}% 19
\BOOKMARK [4][-]{section*.18}{\376\377\000L\000i\000n\000e\000a\000r\000\040\000i\000n\000i\000t\000i\000a\000l\000i\000z\000a\000t\000i\000o\000n\000.}{section*.17}% 20
\BOOKMARK [4][-]{section*.19}{\376\377\000B\000u\000n\000d\000l\000e\000\040\000a\000d\000j\000u\000s\000t\000m\000e\000n\000t\000.}{section*.17}% 21
\BOOKMARK [1][-]{section.2.2}{\376\377\000N\000e\000u\000r\000a\000l\000\040\000S\000c\000e\000n\000e\000\040\000R\000e\000p\000r\000e\000s\000e\000n\000t\000a\000t\000i\000o\000n\000s}{chapter.2}% 22
\BOOKMARK [2][-]{subsection.2.2.1}{\376\377\000N\000e\000u\000r\000a\000l\000\040\000R\000a\000d\000i\000a\000n\000c\000e\000\040\000F\000i\000e\000l\000d\000s}{section.2.2}% 23
\BOOKMARK [3][-]{section*.20}{\376\377\000N\000e\000u\000r\000a\000l\000\040\000R\000a\000d\000i\000a\000n\000c\000e\000\040\000F\000i\000e\000l\000d\000s\000\040\000\050\000N\000e\000R\000F\000\051\000.}{subsection.2.2.1}% 24
\BOOKMARK [4][-]{section*.22}{\376\377\000R\000a\000y\000\040\000c\000a\000s\000t\000i\000n\000g\000\040\000a\000n\000d\000\040\000v\000o\000l\000u\000m\000e\000\040\000r\000e\000n\000d\000e\000r\000i\000n\000g\000.}{section*.20}% 25
\BOOKMARK [4][-]{section*.23}{\376\377\000D\000i\000s\000c\000r\000e\000t\000e\000\040\000a\000p\000p\000r\000o\000x\000i\000m\000a\000t\000i\000o\000n\000.}{section*.20}% 26
\BOOKMARK [4][-]{section*.24}{\376\377\000T\000r\000a\000i\000n\000i\000n\000g\000\040\000p\000r\000o\000c\000e\000d\000u\000r\000e\000.}{section*.20}% 27
\BOOKMARK [2][-]{subsection.2.2.2}{\376\377\0003\000D\000\040\000G\000a\000u\000s\000s\000i\000a\000n\000\040\000S\000p\000l\000a\000t\000t\000i\000n\000g}{section.2.2}% 28
\BOOKMARK [3][-]{section*.26}{\376\377\000P\000i\000p\000e\000l\000i\000n\000e\000\040\000o\000v\000e\000r\000v\000i\000e\000w}{subsection.2.2.2}% 29
\BOOKMARK [3][-]{section*.28}{\376\377\000R\000e\000l\000a\000t\000i\000o\000n\000\040\000w\000i\000t\000h\000\040\000p\000r\000e\000v\000i\000o\000u\000s\000\040\000s\000p\000l\000a\000t\000t\000i\000n\000g\000\040\000m\000e\000t\000h\000o\000d\000s}{subsection.2.2.2}% 30
\BOOKMARK [4][-]{section*.29}{\376\377\000S\000u\000r\000f\000a\000c\000e\000\040\000s\000p\000l\000a\000t\000t\000i\000n\000g\000.}{section*.28}% 31
\BOOKMARK [4][-]{section*.31}{\376\377\000V\000o\000l\000u\000m\000e\000\040\000s\000p\000l\000a\000t\000t\000i\000n\000g\000\040\000a\000n\000d\000\040\000E\000W\000A\000\040\000v\000o\000l\000u\000m\000e\000\040\000s\000p\000l\000a\000t\000t\000i\000n\000g\000.}{section*.28}% 32
\BOOKMARK [3][-]{section*.32}{\376\377\000G\000a\000u\000s\000s\000i\000a\000n\000\040\000P\000a\000r\000a\000m\000e\000t\000e\000r\000i\000z\000a\000t\000i\000o\000n}{subsection.2.2.2}% 33
\BOOKMARK [3][-]{section*.34}{\376\377\000S\000p\000l\000a\000t\000t\000i\000n\000g\000\040\000a\000n\000d\000\040\000r\000e\000n\000d\000e\000r\000i\000n\000g}{subsection.2.2.2}% 34
\BOOKMARK [3][-]{section*.36}{\376\377\000T\000r\000a\000n\000s\000f\000o\000r\000m\000a\000t\000i\000o\000n\000\040\000f\000r\000o\000m\000\040\000w\000o\000r\000l\000d\000\040\000s\000p\000a\000c\000e\000\040\000t\000o\000\040\000c\000a\000m\000e\000r\000a\000\040\000s\000p\000a\000c\000e}{subsection.2.2.2}% 35
\BOOKMARK [3][-]{section*.37}{\376\377\000P\000r\000o\000j\000e\000c\000t\000i\000o\000n\000\040\000t\000o\000\040\000r\000a\000y\000\040\000s\000p\000a\000c\000e}{subsection.2.2.2}% 36
\BOOKMARK [3][-]{section*.38}{\376\377\000F\000r\000o\000m\000\040\000r\000a\000y\000\040\000s\000p\000a\000c\000e\000\040\000t\000o\000\040\000t\000h\000e\000\040\000i\000m\000a\000g\000e\000-\000p\000l\000a\000n\000e\000\040\000f\000o\000o\000t\000p\000r\000i\000n\000t}{subsection.2.2.2}% 37
\BOOKMARK [3][-]{section*.39}{\376\377\000P\000r\000o\000j\000e\000c\000t\000i\000o\000n\000\040\000t\000o\000\040\000s\000c\000r\000e\000e\000n\000\040\000s\000p\000a\000c\000e}{subsection.2.2.2}% 38
\BOOKMARK [3][-]{section*.40}{\376\377\000R\000e\000n\000d\000e\000r\000i\000n\000g\000\040\000v\000i\000a\000\040\000A\000l\000p\000h\000a\000\040\000C\000o\000m\000p\000o\000s\000i\000t\000i\000n\000g}{subsection.2.2.2}% 39
\BOOKMARK [3][-]{section*.42}{\376\377\000P\000h\000o\000t\000o\000m\000e\000t\000r\000i\000c\000\040\000O\000p\000t\000i\000m\000i\000z\000a\000t\000i\000o\000n}{subsection.2.2.2}% 40
\BOOKMARK [3][-]{section*.43}{\376\377\000A\000d\000a\000p\000t\000i\000v\000e\000\040\000d\000e\000n\000s\000i\000t\000y\000\040\000c\000o\000n\000t\000r\000o\000l}{subsection.2.2.2}% 41
\BOOKMARK [3][-]{section*.45}{\376\377\000T\000i\000l\000e\000-\000b\000a\000s\000e\000d\000\040\000r\000a\000s\000t\000e\000r\000i\000z\000a\000t\000i\000o\000n\000\040\000a\000n\000d\000\040\000v\000i\000s\000i\000b\000i\000l\000i\000t\000y\000\040\000o\000r\000d\000e\000r\000i\000n\000g}{subsection.2.2.2}% 42
\BOOKMARK [3][-]{section*.47}{\376\377\000L\000i\000m\000i\000t\000a\000t\000i\000o\000n\000s\000\040\000f\000o\000r\000\040\000G\000e\000o\000m\000e\000t\000r\000y\000\040\000R\000e\000c\000o\000v\000e\000r\000y}{subsection.2.2.2}% 43
\BOOKMARK [1][-]{section.2.3}{\376\377\000D\000e\000p\000t\000h\000\040\000i\000n\000\040\000N\000e\000u\000r\000a\000l\000\040\000R\000e\000n\000d\000e\000r\000i\000n\000g}{chapter.2}% 44
\BOOKMARK [2][-]{subsection.2.3.1}{\376\377\000D\000e\000p\000t\000h\000\040\000a\000s\000\040\000E\000x\000p\000e\000c\000t\000e\000d\000\040\000V\000a\000l\000u\000e\000\040\000A\000l\000o\000n\000g\000\040\000a\000\040\000R\000a\000y}{section.2.3}% 45
\BOOKMARK [3][-]{section*.49}{\376\377\000D\000i\000s\000c\000r\000e\000t\000e\000\040\000v\000o\000l\000u\000m\000e\000\040\000r\000e\000n\000d\000e\000r\000i\000n\000g\000\040\000a\000l\000o\000n\000g\000\040\000a\000\040\000r\000a\000y\000.}{subsection.2.3.1}% 46
\BOOKMARK [4][-]{section*.50}{\376\377\000A\000c\000c\000u\000m\000u\000l\000a\000t\000e\000d\000\040\000d\000e\000p\000t\000h\000\040\000v\000s\000.\000\040\000e\000x\000p\000e\000c\000t\000e\000d\000\040\000d\000e\000p\000t\000h\000.}{section*.49}% 47
\BOOKMARK [4][-]{section*.51}{\376\377\000R\000e\000l\000a\000t\000i\000o\000n\000s\000h\000i\000p\000\040\000t\000o\000\040\000c\000o\000m\000p\000o\000s\000i\000t\000i\000n\000g\000\040\000w\000e\000i\000g\000h\000t\000s\000.}{section*.49}% 48
\BOOKMARK [4][-]{section*.52}{\376\377\000S\000e\000m\000a\000n\000t\000i\000c\000\040\000d\000i\000f\000f\000e\000r\000e\000n\000c\000e\000s\000\040\000a\000n\000d\000\040\000f\000a\000i\000l\000u\000r\000e\000\040\000m\000o\000d\000e\000s\000.}{section*.49}% 49
\BOOKMARK [2][-]{subsection.2.3.2}{\376\377\000M\000o\000n\000o\000c\000u\000l\000a\000r\000\040\000M\000e\000t\000r\000i\000c\000\040\000D\000e\000p\000t\000h\000\040\000E\000s\000t\000i\000m\000a\000t\000i\000o\000n}{section.2.3}% 50
\BOOKMARK [3][-]{section*.53}{\376\377\000F\000r\000o\000m\000\040\000r\000e\000l\000a\000t\000i\000v\000e\000\040\000p\000r\000e\000d\000i\000c\000t\000i\000o\000n\000s\000\040\000t\000o\000\040\000m\000e\000t\000r\000i\000c\000\040\000d\000e\000p\000t\000h\000.}{subsection.2.3.2}% 51
\BOOKMARK [2][-]{subsection.2.3.3}{\376\377\000D\000e\000p\000t\000h\000\040\000A\000n\000y\000t\000h\000i\000n\000g\000\040\000v\0003}{section.2.3}% 52
\BOOKMARK [3][-]{section*.54}{\376\377\000P\000o\000s\000i\000t\000i\000o\000n\000i\000n\000g\000\040\000r\000e\000l\000a\000t\000i\000v\000e\000\040\000t\000o\000\040\000D\000e\000p\000t\000h\000\040\000A\000n\000y\000t\000h\000i\000n\000g\000\040\0001\040\023\0002\000.}{subsection.2.3.3}% 53
\BOOKMARK [4][-]{section*.55}{\376\377\000C\000o\000r\000e\000\040\000o\000u\000t\000p\000u\000t\000s\000:\000\040\000d\000e\000p\000t\000h\000\040\000m\000a\000p\000s\000\040\000a\000n\000d\000\040\000r\000a\000y\000\040\000m\000a\000p\000s\000.}{section*.54}% 54
\BOOKMARK [4][-]{section*.56}{\376\377\000A\000r\000c\000h\000i\000t\000e\000c\000t\000u\000r\000e\000\040\000\050\000w\000h\000a\000t\000\040\000i\000s\000\040\000m\000i\000n\000i\000m\000a\000l\000\040\000a\000n\000d\000\040\000w\000h\000a\000t\000\040\000i\000s\000\040\000n\000o\000t\000\051\000.}{section*.54}% 55
\BOOKMARK [4][-]{section*.58}{\376\377\000T\000r\000a\000i\000n\000i\000n\000g\000\040\000a\000s\000\040\000t\000e\000a\000c\000h\000e\000r\040\023\000s\000t\000u\000d\000e\000n\000t\000\040\000w\000i\000t\000h\000\040\000p\000s\000e\000u\000d\000o\000-\000d\000e\000p\000t\000h\000\040\000a\000l\000i\000g\000n\000m\000e\000n\000t\000\040\000\050\000p\000a\000d\000r\000e\040\023\000f\000i\000g\000l\000i\000o\000\051\000.}{section*.54}% 56
\BOOKMARK [4][-]{section*.59}{\376\377\000I\000m\000p\000l\000e\000m\000e\000n\000t\000a\000t\000i\000o\000n\000-\000s\000c\000a\000l\000e\000\040\000t\000r\000a\000i\000n\000i\000n\000g\000\040\000d\000e\000t\000a\000i\000l\000s\000\040\000\050\000w\000h\000y\000\040\000D\000A\0003\000\040\000i\000s\000\040\000n\000o\000t\000\040\000`\000`\000j\000u\000s\000t\000\040\000a\000\040\000b\000i\000g\000g\000e\000r\000\040\000D\000A\0002\000'\000'\000\051\000.}{section*.54}% 57
\BOOKMARK [4][-]{section*.60}{\376\377\000U\000s\000e\000\040\000i\000n\000\040\000t\000h\000i\000s\000\040\000t\000h\000e\000s\000i\000s\000.}{section*.54}% 58
\BOOKMARK [1][-]{section.2.4}{\376\377\000S\000u\000r\000f\000a\000c\000e\000-\000B\000a\000s\000e\000d\000\040\000R\000e\000p\000r\000e\000s\000e\000n\000t\000a\000t\000i\000o\000n\000s}{chapter.2}% 59
\BOOKMARK [2][-]{subsection.2.4.1}{\376\377\000B\000\351\000z\000i\000e\000r\000\040\000C\000u\000r\000v\000e\000s\000\040\000a\000n\000d\000\040\000S\000u\000r\000f\000a\000c\000e\000s}{section.2.4}% 60
\BOOKMARK [3][-]{section*.61}{\376\377\000B\000e\000r\000n\000s\000t\000e\000i\000n\000\040\000b\000a\000s\000i\000s\000\040\000a\000n\000d\000\040\000B\000\351\000z\000i\000e\000r\000\040\000c\000u\000r\000v\000e\000s\000.}{subsection.2.4.1}% 61
\BOOKMARK [4][-]{section*.63}{\376\377\000G\000e\000o\000m\000e\000t\000r\000i\000c\000\040\000m\000e\000a\000n\000i\000n\000g\000\040\000o\000f\000\040\000c\000o\000n\000t\000r\000o\000l\000\040\000p\000o\000i\000n\000t\000s\000.}{section*.61}% 62
\BOOKMARK [4][-]{section*.64}{\376\377\000T\000e\000n\000s\000o\000r\000-\000p\000r\000o\000d\000u\000c\000t\000\040\000B\000\351\000z\000i\000e\000r\000\040\000s\000u\000r\000f\000a\000c\000e\000s\000.}{section*.61}% 63
\BOOKMARK [4][-]{section*.66}{\376\377\000L\000o\000c\000a\000l\000\040\000s\000h\000a\000p\000e\000\040\000c\000o\000n\000t\000r\000o\000l\000\040\000a\000n\000d\000\040\000c\000o\000n\000t\000i\000n\000u\000i\000t\000y\000\040\000a\000c\000r\000o\000s\000s\000\040\000p\000a\000t\000c\000h\000e\000s\000.}{section*.61}% 64
\BOOKMARK [2][-]{subsection.2.4.2}{\376\377\000B\000\351\000z\000i\000e\000r\000-\000B\000a\000s\000e\000d\000\040\000S\000p\000l\000a\000t\000t\000i\000n\000g\000\040\000A\000p\000p\000r\000o\000a\000c\000h\000e\000s}{section.2.4}% 65
\BOOKMARK [3][-]{section*.67}{\376\377\000F\000r\000o\000m\000\040\000c\000u\000r\000v\000e\000s\000\040\000i\000n\000\040\0002\000D\000\040\000t\000o\000\040\000s\000u\000r\000f\000a\000c\000e\000s\000\040\000i\000n\000\040\0003\000D\000\040\000\050\000c\000o\000n\000c\000e\000p\000t\000u\000a\000l\000\040\000l\000i\000f\000t\000\051\000.}{subsection.2.4.2}% 66
\BOOKMARK [4][-]{section*.68}{\376\377\000H\000o\000w\000\040\000t\000h\000i\000s\000\040\000t\000h\000e\000s\000i\000s\000\040\000u\000s\000e\000s\000\040\000s\000u\000r\000f\000a\000c\000e\000s\000\040\000`\000`\000l\000i\000k\000e\000\040\000c\000u\000r\000v\000e\000s\000'\000'\000\040\000a\000t\000\040\000a\000\040\000h\000i\000g\000h\000\040\000l\000e\000v\000e\000l\000.}{section*.67}% 67
\BOOKMARK [4][-]{section*.69}{\376\377\000P\000r\000u\000n\000i\000n\000g\000/\000d\000e\000n\000s\000i\000f\000i\000c\000a\000t\000i\000o\000n\000\040\000a\000s\000\040\000a\000\040\000g\000e\000o\000m\000e\000t\000r\000i\000c\000\040\000a\000n\000a\000l\000o\000g\000u\000e\000.}{section*.67}% 68
\BOOKMARK [1][-]{section.2.5}{\376\377\000S\000e\000m\000a\000n\000t\000i\000c\000\040\000O\000b\000j\000e\000c\000t\000\040\000S\000e\000g\000m\000e\000n\000t\000a\000t\000i\000o\000n}{chapter.2}% 69
\BOOKMARK [2][-]{subsection.2.5.1}{\376\377\000G\000r\000o\000u\000n\000d\000i\000n\000g\000D\000I\000N\000O}{section.2.5}% 70
\BOOKMARK [3][-]{section*.70}{\376\377\000F\000r\000o\000m\000\040\000c\000l\000o\000s\000e\000d\000-\000s\000e\000t\000\040\000d\000e\000t\000e\000c\000t\000i\000o\000n\000\040\000t\000o\000\040\000l\000a\000n\000g\000u\000a\000g\000e\000-\000g\000r\000o\000u\000n\000d\000e\000d\000\040\000d\000e\000t\000e\000c\000t\000i\000o\000n\000.}{subsection.2.5.1}% 71
\BOOKMARK [4][-]{section*.71}{\376\377\000A\000r\000c\000h\000i\000t\000e\000c\000t\000u\000r\000e\000\040\000o\000v\000e\000r\000v\000i\000e\000w\000.}{section*.70}% 72
\BOOKMARK [4][-]{section*.73}{\376\377\000L\000a\000n\000g\000u\000a\000g\000e\000-\000g\000u\000i\000d\000e\000d\000\040\000q\000u\000e\000r\000y\000\040\000s\000e\000l\000e\000c\000t\000i\000o\000n\000\040\000\050\000m\000a\000t\000h\000e\000m\000a\000t\000i\000c\000a\000l\000\040\000i\000n\000t\000u\000i\000t\000i\000o\000n\000\051\000.}{section*.70}% 73
\BOOKMARK [4][-]{section*.74}{\376\377\000C\000r\000o\000s\000s\000-\000m\000o\000d\000a\000l\000i\000t\000y\000\040\000d\000e\000c\000o\000d\000e\000r\000.}{section*.70}% 74
\BOOKMARK [4][-]{section*.75}{\376\377\000S\000u\000b\000-\000s\000e\000n\000t\000e\000n\000c\000e\000\040\000t\000e\000x\000t\000\040\000r\000e\000p\000r\000e\000s\000e\000n\000t\000a\000t\000i\000o\000n\000.}{section*.70}% 75
\BOOKMARK [4][-]{section*.76}{\376\377\000T\000r\000a\000i\000n\000i\000n\000g\000\040\000o\000b\000j\000e\000c\000t\000i\000v\000e\000\040\000a\000n\000d\000\040\000m\000a\000t\000c\000h\000i\000n\000g\000.}{section*.70}% 76
\BOOKMARK [2][-]{subsection.2.5.2}{\376\377\000S\000A\000M\0002}{section.2.5}% 77
\BOOKMARK [3][-]{section*.77}{\376\377\000T\000a\000s\000k\000\040\000d\000e\000f\000i\000n\000i\000t\000i\000o\000n\000:\000\040\000f\000r\000o\000m\000\040\000S\000A\000M\000\040\000\050\000i\000m\000a\000g\000e\000\051\000\040\000t\000o\000\040\000m\000a\000s\000k\000l\000e\000t\000s\000\040\000\050\000v\000i\000d\000e\000o\000\051\000.}{subsection.2.5.2}% 78
\BOOKMARK [4][-]{section*.78}{\376\377\000A\000r\000c\000h\000i\000t\000e\000c\000t\000u\000r\000e\000.}{section*.77}% 79
\BOOKMARK [4][-]{section*.80}{\376\377\000T\000r\000a\000i\000n\000i\000n\000g\000\040\000a\000n\000d\000\040\000d\000a\000t\000a\000.}{section*.77}% 80
\BOOKMARK [4][-]{section*.81}{\376\377\000U\000s\000e\000\040\000i\000n\000\040\000t\000h\000i\000s\000\040\000t\000h\000e\000s\000i\000s\000.}{section*.77}% 81
\BOOKMARK [0][-]{chapter.3}{\376\377\000T\000o\000o\000l\000s\000\040\000a\000n\000d\000\040\000F\000r\000a\000m\000e\000w\000o\000r\000k\000s}{}% 82
\BOOKMARK [1][-]{section.3.1}{\376\377\000D\000a\000t\000a\000\040\000p\000r\000e\000p\000a\000r\000a\000t\000i\000o\000n}{chapter.3}% 83
\BOOKMARK [1][-]{section.3.2}{\376\377\000N\000e\000r\000f\000s\000t\000u\000d\000i\000o\000\040\000a\000n\000d\000\040\000S\000p\000l\000a\000t\000f\000a\000c\000t\000o}{chapter.3}% 84
\BOOKMARK [1][-]{section.3.3}{\376\377\000P\000r\000e\000t\000r\000a\000i\000n\000e\000d\000\040\000m\000o\000d\000e\000l\000s\000\040\000\050\000H\000u\000g\000g\000i\000n\000g\000\040\000F\000a\000c\000e\000\040\000H\000u\000b\000\051}{chapter.3}% 85
\BOOKMARK [2][-]{subsection.3.3.1}{\376\377\000D\000e\000p\000t\000h\000\040\000A\000n\000y\000t\000h\000i\000n\000g\000\040\0003\000\040\000\050\000m\000e\000t\000r\000i\000c\000\040\000d\000e\000p\000t\000h\000\051}{section.3.3}% 86
\BOOKMARK [2][-]{subsection.3.3.2}{\376\377\000G\000r\000o\000u\000n\000d\000i\000n\000g\000\040\000D\000I\000N\000O\000\040\000a\000n\000d\000\040\000S\000A\000M\000\040\0002\000\040\000\050\000s\000e\000g\000m\000e\000n\000t\000a\000t\000i\000o\000n\000\051}{section.3.3}% 87
\BOOKMARK [1][-]{section.3.4}{\376\377\000A\000u\000x\000i\000l\000i\000a\000r\000y\000\040\000t\000o\000o\000l\000s}{chapter.3}% 88
\BOOKMARK [0][-]{chapter.4}{\376\377\000M\000e\000t\000h\000o\000d\000o\000l\000o\000g\000y}{}% 89
\BOOKMARK [1][-]{section.4.1}{\376\377\000B\000a\000s\000e\000l\000i\000n\000e\000:\000\040\000C\000l\000a\000s\000s\000i\000c\000a\000l\000\040\0003\000D\000\040\000G\000a\000u\000s\000s\000i\000a\000n\000\040\000S\000p\000l\000a\000t\000t\000i\000n\000g}{chapter.4}% 90
\BOOKMARK [2][-]{subsection.4.1.1}{\376\377\000P\000h\000o\000t\000o\000m\000e\000t\000r\000i\000c\000\040\000L\000o\000s\000s}{section.4.1}% 91
\BOOKMARK [2][-]{subsection.4.1.2}{\376\377\000E\000x\000p\000e\000c\000t\000e\000d\000\040\000D\000e\000p\000t\000h\000\040\000E\000s\000t\000i\000m\000a\000t\000i\000o\000n}{section.4.1}% 92
\BOOKMARK [2][-]{subsection.4.1.3}{\376\377\000O\000b\000s\000e\000r\000v\000e\000d\000\040\000G\000e\000o\000m\000e\000t\000r\000i\000c\000\040\000L\000i\000m\000i\000t\000a\000t\000i\000o\000n\000s}{section.4.1}% 93
\BOOKMARK [1][-]{section.4.2}{\376\377\000D\000e\000p\000t\000h\000-\000S\000u\000p\000e\000r\000v\000i\000s\000e\000d\000\040\000O\000p\000t\000i\000m\000i\000z\000a\000t\000i\000o\000n}{chapter.4}% 94
\BOOKMARK [2][-]{subsection.4.2.1}{\376\377\000G\000r\000o\000u\000n\000d\000\040\000T\000r\000u\000t\000h\000\040\000D\000e\000p\000t\000h\000\040\000G\000e\000n\000e\000r\000a\000t\000i\000o\000n}{section.4.2}% 95
\BOOKMARK [3][-]{section*.85}{\376\377\000P\000r\000e\000p\000r\000o\000c\000e\000s\000s\000i\000n\000g\000\040\000a\000n\000d\000\040\000c\000a\000c\000h\000i\000n\000g\000.}{subsection.4.2.1}% 96
\BOOKMARK [2][-]{subsection.4.2.2}{\376\377\000D\000e\000p\000t\000h\000\040\000L\000o\000s\000s\000\040\000F\000o\000r\000m\000u\000l\000a\000t\000i\000o\000n}{section.4.2}% 97
\BOOKMARK [2][-]{subsection.4.2.3}{\376\377\000J\000o\000i\000n\000t\000\040\000O\000p\000t\000i\000m\000i\000z\000a\000t\000i\000o\000n\000\040\000S\000t\000r\000a\000t\000e\000g\000y}{section.4.2}% 98
\BOOKMARK [3][-]{section*.87}{\376\377\000R\000o\000l\000e\000\040\000o\000f\000\040\000C\000O\000L\000M\000A\000P\000\040\000c\000o\000l\000o\000r\000\040\000i\000n\000i\000t\000i\000a\000l\000i\000z\000a\000t\000i\000o\000n\000.}{subsection.4.2.3}% 99
\BOOKMARK [2][-]{subsection.4.2.4}{\376\377\000Q\000u\000a\000l\000i\000t\000a\000t\000i\000v\000e\000\040\000T\000r\000a\000d\000e\000-\000o\000f\000f\000s\000:\000\040\000R\000G\000B\000\040\000v\000s\000.\000\040\000D\000e\000p\000t\000h\000\040\000L\000o\000s\000s}{section.4.2}% 100
\BOOKMARK [3][-]{section*.88}{\376\377\000T\000r\000a\000i\000n\000i\000n\000g\000\040\000w\000i\000t\000h\000\040\000L\000r\000g\000b\000\040\000\050\000p\000h\000o\000t\000o\000m\000e\000t\000r\000i\000c\000\040\000l\000o\000s\000s\000\051\000.}{subsection.4.2.4}% 101
\BOOKMARK [4][-]{section*.89}{\376\377\000T\000r\000a\000i\000n\000i\000n\000g\000\040\000w\000i\000t\000h\000\040\000L\000d\000e\000p\000t\000h\000\040\000\050\000d\000e\000p\000t\000h\000\040\000l\000o\000s\000s\000\051\000.}{section*.88}% 102
\BOOKMARK [2][-]{subsection.4.2.5}{\376\377\000F\000a\000i\000l\000u\000r\000e\000\040\000M\000o\000d\000e\000s\000\040\000a\000n\000d\000\040\000I\000n\000s\000t\000a\000b\000i\000l\000i\000t\000i\000e\000s}{section.4.2}% 103
\BOOKMARK [1][-]{section.4.3}{\376\377\000S\000t\000r\000u\000c\000t\000u\000r\000a\000l\000\040\000M\000o\000d\000i\000f\000i\000c\000a\000t\000i\000o\000n\000\040\000v\000i\000a\000\040\000B\000\351\000z\000i\000e\000r\000\040\000S\000u\000r\000f\000a\000c\000e\000s}{chapter.4}% 104
\BOOKMARK [2][-]{subsection.4.3.1}{\376\377\000S\000e\000m\000a\000n\000t\000i\000c\000\040\000O\000b\000j\000e\000c\000t\000\040\000I\000s\000o\000l\000a\000t\000i\000o\000n}{section.4.3}% 105
\BOOKMARK [3][-]{section*.94}{\376\377\000C\000o\000n\000f\000i\000g\000u\000r\000a\000t\000i\000o\000n\000.}{subsection.4.3.1}% 106
\BOOKMARK [2][-]{subsection.4.3.2}{\376\377\000S\000e\000e\000d\000\040\000P\000o\000i\000n\000t\000\040\000P\000r\000e\000p\000r\000o\000c\000e\000s\000s\000i\000n\000g}{section.4.3}% 107
\BOOKMARK [3][-]{section*.95}{\376\377\000k\000-\000N\000N\000\040\000O\000u\000t\000l\000i\000e\000r\000\040\000F\000i\000l\000t\000e\000r\000i\000n\000g}{subsection.4.3.2}% 108
\BOOKMARK [2][-]{subsection.4.3.3}{\376\377\000B\000\351\000z\000i\000e\000r\000\040\000S\000u\000r\000f\000a\000c\000e\000\040\000I\000n\000i\000t\000i\000a\000l\000i\000z\000a\000t\000i\000o\000n}{section.4.3}% 109
\BOOKMARK [3][-]{section*.98}{\376\377\000C\000o\000n\000t\000r\000o\000l\000\040\000P\000o\000i\000n\000t\000\040\000E\000s\000t\000i\000m\000a\000t\000i\000o\000n}{subsection.4.3.3}% 110
\BOOKMARK [4][-]{section*.99}{\376\377\000O\000p\000e\000n\000-\000s\000u\000r\000f\000a\000c\000e\000\040\000p\000a\000t\000c\000h\000e\000s\000.}{section*.98}% 111
\BOOKMARK [4][-]{section*.100}{\376\377\000C\000u\000b\000e\000-\000m\000o\000d\000e\000\040\000p\000a\000t\000c\000h\000e\000s\000.}{section*.98}% 112
\BOOKMARK [3][-]{section*.101}{\376\377\000S\000u\000r\000f\000a\000c\000e\000\040\000S\000a\000m\000p\000l\000i\000n\000g\000\040\000a\000n\000d\000\040\000G\000a\000u\000s\000s\000i\000a\000n\000\040\000S\000e\000e\000d\000i\000n\000g}{subsection.4.3.3}% 113
\BOOKMARK [4][-]{section*.102}{\376\377\000L\000o\000c\000a\000l\000\040\000t\000a\000n\000g\000e\000n\000t\000\040\000f\000r\000a\000m\000e\000.}{section*.101}% 114
\BOOKMARK [4][-]{section*.103}{\376\377\000A\000n\000i\000s\000o\000t\000r\000o\000p\000i\000c\000\040\000s\000c\000a\000l\000e\000s\000.}{section*.101}% 115
\BOOKMARK [4][-]{section*.104}{\376\377\000A\000p\000p\000e\000a\000r\000a\000n\000c\000e\000\040\000a\000n\000d\000\040\000s\000e\000m\000a\000n\000t\000i\000c\000s\000.}{section*.101}% 116
\BOOKMARK [2][-]{subsection.4.3.4}{\376\377\000B\000\351\000z\000i\000e\000r\000\040\000R\000e\000p\000r\000e\000s\000e\000n\000t\000a\000t\000i\000o\000n\000s}{section.4.3}% 117
\BOOKMARK [3][-]{section*.105}{\376\377\000O\000p\000e\000n\000-\000S\000u\000r\000f\000a\000c\000e\000\040\000M\000o\000d\000e}{subsection.4.3.4}% 118
\BOOKMARK [3][-]{section*.106}{\376\377\000C\000u\000b\000e\000-\000B\000a\000s\000e\000d\000\040\000B\000\351\000z\000i\000e\000r\000\040\000S\000u\000r\000f\000a\000c\000e\000s}{subsection.4.3.4}% 119
\BOOKMARK [2][-]{subsection.4.3.5}{\376\377\000B\000\351\000z\000i\000e\000r\000\040\000S\000u\000r\000f\000a\000c\000e\000\040\000P\000a\000r\000a\000m\000e\000t\000e\000r\000i\000z\000a\000t\000i\000o\000n}{section.4.3}% 120
\BOOKMARK [3][-]{section*.108}{\376\377\000I\000n\000\040\000o\000t\000h\000e\000r\000\040\000w\000o\000r\000d\000s\000.}{subsection.4.3.5}% 121
\BOOKMARK [2][-]{subsection.4.3.6}{\376\377\000G\000a\000u\000s\000s\000i\000a\000n\000\040\000P\000a\000r\000a\000m\000e\000t\000e\000r\000\040\000I\000n\000i\000t\000i\000a\000l\000i\000z\000a\000t\000i\000o\000n\000\040\000f\000r\000o\000m\000\040\000B\000\351\000z\000i\000e\000r\000\040\000S\000u\000r\000f\000a\000c\000e\000s}{section.4.3}% 122
\BOOKMARK [3][-]{section*.109}{\376\377\000M\000e\000a\000n\000\040\000p\000o\000s\000i\000t\000i\000o\000n\000s}{subsection.4.3.6}% 123
\BOOKMARK [3][-]{section*.110}{\376\377\000L\000o\000c\000a\000l\000\040\000t\000a\000n\000g\000e\000n\000t\000\040\000f\000r\000a\000m\000e\000\040\000a\000n\000d\000\040\000q\000u\000a\000t\000e\000r\000n\000i\000o\000n}{subsection.4.3.6}% 124
\BOOKMARK [3][-]{section*.111}{\376\377\000A\000n\000i\000s\000o\000t\000r\000o\000p\000i\000c\000\040\000s\000c\000a\000l\000e\000s\000\040\000\050\000l\000o\000g\000-\000s\000p\000a\000c\000e\000\051}{subsection.4.3.6}% 125
\BOOKMARK [4][-]{section*.112}{\376\377\000R\000o\000l\000e\000\040\000o\000f\000\040\000\040\000a\000n\000d\000\040\000.}{section*.111}% 126
\BOOKMARK [3][-]{section*.113}{\376\377\000O\000p\000a\000c\000i\000t\000y}{subsection.4.3.6}% 127
\BOOKMARK [3][-]{section*.114}{\376\377\000S\000u\000m\000m\000a\000r\000y\000\040\000o\000f\000\040\000s\000t\000o\000r\000e\000d\000\040\000t\000e\000n\000s\000o\000r\000s}{subsection.4.3.6}% 128
\BOOKMARK [4][-]{section*.116}{\376\377\000C\000o\000n\000t\000r\000a\000s\000t\000\040\000w\000i\000t\000h\000\040\000c\000l\000a\000s\000s\000i\000c\000a\000l\000\040\000C\000O\000L\000M\000A\000P\000\040\000i\000n\000i\000t\000i\000a\000l\000i\000z\000a\000t\000i\000o\000n\000.}{section*.114}% 129
\BOOKMARK [2][-]{subsection.4.3.7}{\376\377\000I\000n\000t\000e\000g\000r\000a\000t\000i\000o\000n\000\040\000i\000n\000t\000o\000\040\000t\000h\000e\000\040\000S\000p\000l\000a\000t\000t\000i\000n\000g\000\040\000a\000n\000d\000\040\000T\000r\000a\000i\000n\000i\000n\000g\000\040\000P\000i\000p\000e\000l\000i\000n\000e}{section.4.3}% 130
\BOOKMARK [3][-]{section*.117}{\376\377\000P\000a\000r\000a\000m\000e\000t\000e\000r\000\040\000r\000e\000g\000i\000s\000t\000r\000a\000t\000i\000o\000n\000\040\000a\000n\000d\000\040\000o\000p\000t\000i\000m\000i\000z\000e\000r\000\040\000g\000r\000o\000u\000p\000s}{subsection.4.3.7}% 131
\BOOKMARK [4][-]{section*.118}{\376\377\000W\000h\000y\000\040\000s\000c\000a\000l\000e\000s\000\040\000a\000r\000e\000\040\000o\000m\000i\000t\000t\000e\000d\000\040\000f\000r\000o\000m\000\040\000t\000h\000e\000\040\000o\000p\000t\000i\000m\000i\000z\000e\000r\000.}{section*.117}% 132
\BOOKMARK [4][-]{section*.119}{\376\377\000A\000d\000a\000p\000t\000i\000v\000e\000\040\000d\000e\000n\000s\000i\000f\000i\000c\000a\000t\000i\000o\000n\000\040\000d\000i\000s\000a\000b\000l\000e\000d\000.}{section*.117}% 133
\BOOKMARK [2][-]{subsection.4.3.8}{\376\377\000G\000r\000a\000d\000i\000e\000n\000t\000\040\000p\000r\000o\000p\000a\000g\000a\000t\000i\000o\000n\000\040\000t\000o\000\040\000c\000o\000n\000t\000r\000o\000l\000\040\000p\000o\000i\000n\000t\000s}{section.4.3}% 134
\BOOKMARK [3][-]{section*.121}{\376\377\000B\000\351\000z\000i\000e\000r\000\040\000e\000x\000t\000e\000n\000s\000i\000o\000n\000\040\000o\000f\000\040\000t\000h\000e\000\040\000c\000h\000a\000i\000n\000.}{subsection.4.3.8}% 135
\BOOKMARK [4][-]{section*.123}{\376\377\000I\000m\000p\000l\000e\000m\000e\000n\000t\000a\000t\000i\000o\000n\000\040\000n\000o\000t\000e\000s\000.}{section*.121}% 136
\BOOKMARK [2][-]{subsection.4.3.9}{\376\377\000R\000e\000g\000u\000l\000a\000r\000i\000z\000a\000t\000i\000o\000n\000\040\000S\000t\000r\000a\000t\000e\000g\000y}{section.4.3}% 137
\BOOKMARK [3][-]{section*.124}{\376\377\000C\000o\000n\000t\000r\000o\000l\000\040\000P\000o\000i\000n\000t\000\040\000L\0002\000\040\000R\000e\000g\000u\000l\000a\000r\000i\000z\000a\000t\000i\000o\000n}{subsection.4.3.9}% 138
\BOOKMARK [2][-]{subsection.4.3.10}{\376\377\000M\000a\000s\000k\000-\000B\000a\000s\000e\000d\000\040\000S\000u\000p\000e\000r\000v\000i\000s\000i\000o\000n}{section.4.3}% 139
\BOOKMARK [3][-]{section*.125}{\376\377\000F\000o\000r\000e\000g\000r\000o\000u\000n\000d\000\040\000p\000h\000o\000t\000o\000m\000e\000t\000r\000i\000c\000\040\000t\000e\000r\000m}{subsection.4.3.10}% 140
\BOOKMARK [3][-]{section*.126}{\376\377\000B\000a\000c\000k\000g\000r\000o\000u\000n\000d\000\040\000t\000e\000r\000m\000s}{subsection.4.3.10}% 141
\BOOKMARK [3][-]{section*.127}{\376\377\000C\000o\000m\000b\000i\000n\000e\000d\000\040\000m\000a\000s\000k\000\040\000l\000o\000s\000s\000\040\000a\000n\000d\000\040\000f\000u\000l\000l\000\040\000o\000b\000j\000e\000c\000t\000i\000v\000e}{subsection.4.3.10}% 142
\BOOKMARK [4][-]{section*.128}{\376\377\000W\000h\000e\000n\000\040\000t\000h\000e\000\040\000m\000a\000s\000k\000e\000d\000\040\000o\000b\000j\000e\000c\000t\000i\000v\000e\000\040\000i\000s\000\040\000a\000c\000t\000i\000v\000e\000.}{section*.127}% 143
\BOOKMARK [0][-]{chapter.5}{\376\377\000R\000e\000s\000u\000l\000t\000s}{}% 144
\BOOKMARK [1][-]{section.5.1}{\376\377\000E\000x\000p\000e\000r\000i\000m\000e\000n\000t\000a\000l\000\040\000S\000e\000t\000u\000p}{chapter.5}% 145
\BOOKMARK [2][-]{subsection.5.1.1}{\376\377\000E\000v\000a\000l\000u\000a\000t\000i\000o\000n\000\040\000M\000e\000t\000r\000i\000c\000s}{section.5.1}% 146
\BOOKMARK [2][-]{subsection.5.1.2}{\376\377\000T\000e\000s\000t\000\040\000S\000c\000e\000n\000e\000s}{section.5.1}% 147
\BOOKMARK [2][-]{subsection.5.1.3}{\376\377\000B\000\351\000z\000i\000e\000r\000\040\000H\000y\000p\000e\000r\000p\000a\000r\000a\000m\000e\000t\000e\000r\000s\000\040\000i\000n\000\040\000t\000h\000e\000\040\000S\000t\000u\000d\000y}{section.5.1}% 148
\BOOKMARK [1][-]{section.5.2}{\376\377\000B\000e\000s\000t\000\040\000R\000e\000s\000u\000l\000t\000:\000\040\000B\000\351\000z\000i\000e\000r\000\040\000S\000t\000r\000u\000c\000t\000u\000r\000a\000l\000\040\000M\000o\000d\000e\000l\000,\000\040\000C\000u\000b\000e\000\040\000M\000o\000d\000e\000,\000\040\000O\000u\000t\000l\000i\000e\000r\000\040\000M\000a\000n\000a\000g\000e\000m\000e\000n\000t}{chapter.5}% 149
\BOOKMARK [2][-]{subsection.5.2.1}{\376\377\000Q\000u\000a\000l\000i\000t\000a\000t\000i\000v\000e\000\040\000A\000n\000a\000l\000y\000s\000i\000s}{section.5.2}% 150
\BOOKMARK [2][-]{subsection.5.2.2}{\376\377\000Q\000u\000a\000n\000t\000i\000t\000a\000t\000i\000v\000e\000\040\000E\000v\000a\000l\000u\000a\000t\000i\000o\000n}{section.5.2}% 151
\BOOKMARK [2][-]{subsection.5.2.3}{\376\377\000G\000r\000a\000d\000i\000e\000n\000t\000\040\000A\000n\000a\000l\000y\000s\000i\000s\000\040\000a\000n\000d\000\040\000S\000t\000a\000b\000i\000l\000i\000t\000y}{section.5.2}% 152
\BOOKMARK [1][-]{section.5.3}{\376\377\000A\000b\000l\000a\000t\000i\000o\000n\000\040\000S\000t\000u\000d\000y}{chapter.5}% 153
\BOOKMARK [2][-]{subsection.5.3.1}{\376\377\000O\000p\000e\000n\000\040\000m\000o\000d\000e\000,\000\040\000f\000u\000l\000l\000-\000f\000r\000a\000m\000e\000\040\000L\0001}{section.5.3}% 154
\BOOKMARK [2][-]{subsection.5.3.2}{\376\377\000C\000u\000b\000e\000\040\000m\000o\000d\000e\000,\000\040\000f\000u\000l\000l\000-\000f\000r\000a\000m\000e\000\040\000L\0001}{section.5.3}% 155
\BOOKMARK [2][-]{subsection.5.3.3}{\376\377\000O\000p\000e\000n\000\040\000m\000o\000d\000e\000,\000\040\000L\0001\000\040\000F\000g\000B\000g}{section.5.3}% 156
\BOOKMARK [2][-]{subsection.5.3.4}{\376\377\000C\000u\000b\000e\000\040\000m\000o\000d\000e\000,\000\040\000L\0001\000\040\000F\000g\000B\000g}{section.5.3}% 157
\BOOKMARK [2][-]{subsection.5.3.5}{\376\377\000O\000p\000e\000n\000\040\000m\000o\000d\000e\000,\000\040\000L\0001\000,\000\040\000o\000u\000t\000l\000i\000e\000r\000\040\000f\000i\000l\000t\000e\000r\000i\000n\000g\000\040\000a\000n\000d\000\040\000F\000P\000S\000\040\000c\000e\000n\000t\000e\000r\000s}{section.5.3}% 158
\BOOKMARK [2][-]{subsection.5.3.6}{\376\377\000C\000u\000b\000e\000\040\000m\000o\000d\000e\000,\000\040\000L\0001\000,\000\040\000o\000u\000t\000l\000i\000e\000r\000\040\000f\000i\000l\000t\000e\000r\000i\000n\000g}{section.5.3}% 159
\BOOKMARK [2][-]{subsection.5.3.7}{\376\377\000O\000p\000e\000n\000\040\000m\000o\000d\000e\000,\000\040\000L\0001\000\040\000F\000g\000B\000g\000,\000\040\000o\000u\000t\000l\000i\000e\000r\000\040\000f\000i\000l\000t\000e\000r\000i\000n\000g}{section.5.3}% 160
\BOOKMARK [2][-]{subsection.5.3.8}{\376\377\000C\000u\000b\000e\000\040\000m\000o\000d\000e\000,\000\040\000L\0001\000\040\000F\000g\000B\000g\000,\000\040\000o\000u\000t\000l\000i\000e\000r\000\040\000f\000i\000l\000t\000e\000r\000i\000n\000g}{section.5.3}% 161
\BOOKMARK [2][-]{subsection.5.3.9}{\376\377\000C\000u\000b\000e\000\040\000m\000o\000d\000e\000,\000\040\000L\0002\000\040\000F\000g\000B\000g}{section.5.3}% 162
\BOOKMARK [1][-]{section.5.4}{\376\377\000C\000o\000m\000p\000a\000r\000a\000t\000i\000v\000e\000\040\000D\000i\000s\000c\000u\000s\000s\000i\000o\000n}{chapter.5}% 163
\BOOKMARK [1][-]{section.5.5}{\376\377\000C\000o\000m\000p\000a\000r\000i\000s\000o\000n\000\040\000w\000i\000t\000h\000\040\000B\000a\000s\000e\000l\000i\000n\000e\000\040\000M\000e\000t\000h\000o\000d\000s}{chapter.5}% 164
\BOOKMARK [0][-]{chapter.6}{\376\377\000C\000o\000n\000c\000l\000u\000s\000i\000o\000n\000s}{}% 165
\BOOKMARK [1][-]{section.6.1}{\376\377\000M\000a\000i\000n\000\040\000C\000o\000n\000t\000r\000i\000b\000u\000t\000i\000o\000n\000s}{chapter.6}% 166
\BOOKMARK [1][-]{section.6.2}{\376\377\000L\000i\000m\000i\000t\000a\000t\000i\000o\000n\000s}{chapter.6}% 167
\BOOKMARK [1][-]{section.6.3}{\376\377\000F\000u\000t\000u\000r\000e\000\040\000R\000e\000s\000e\000a\000r\000c\000h\000\040\000D\000i\000r\000e\000c\000t\000i\000o\000n\000s}{chapter.6}% 168
